// Jest Snapshot v1, https://goo.gl/fbAQLP

exports[`Snapshot testing Check if Quotes component is rendered 1`] = `
<div
  className="grid__container"
>
  <p>
    Mathematics is not about numbers, equations, computations, or algorithms. It is about understanding.
  </p>
  <br />
  <strong>
    - William Paul Thurston
  </strong>
</div>
`;
